// Jest Snapshot v1, https://goo.gl/fbAQLP

exports[`Footer Component matches snapshot 1`] = `
<DocumentFragment>
  <div
    class="footer center"
    data-testid="Footer"
  >
    Â© 2024
  </div>
</DocumentFragment>
`;
